Microchip Technology Inc, v1.30 (A)

Tool Name:
  c:\program files (x86)\microchip\xc16\v1.30\bin\bin\..\bin/elf-ld.exe

Command:
  -p30F6012A \
  -o \
  dist/default/debug/YongciContronerCAN_V2.0.X.debug.elf \
  -Lc:/program files (x86)/microchip/xc16/v1.30/bin/bin/.. \
  -Lc:/program files (x86)/microchip/xc16/v1.30/bin/bin/../../lib \
  -Lc:/program files (x86)/microchip/xc16/v1.30/bin/bin/../../support/PIC24E/gld \
  -Lc:/program files (x86)/microchip/xc16/v1.30/bin/bin/../../support/PIC24F/gld \
  -Lc:/program files (x86)/microchip/xc16/v1.30/bin/bin/../../support/PIC24H/gld \
  -Lc:/program files (x86)/microchip/xc16/v1.30/bin/bin/../../support/dsPIC30F/gld \
  -Lc:/program files (x86)/microchip/xc16/v1.30/bin/bin/../../support/dsPIC33E/gld \
  -Lc:/program files (x86)/microchip/xc16/v1.30/bin/bin/../../support/dsPIC33F/gld \
  build/default/debug/Source/DeviceNet/DeviceNet.o \
  build/default/debug/Source/Driver/AdcSample.o \
  build/default/debug/Source/Driver/CAN.o \
  build/default/debug/Source/Driver/DeviceIO.o \
  build/default/debug/Source/Driver/Timer.o \
  build/default/debug/Source/Driver/Usart.o \
  build/default/debug/Source/Driver/traps.o \
  build/default/debug/Source/Driver/EEPROMOperate.o \
  build/default/debug/Source/Driver/InitTemp.o \
  build/default/debug/Source/Driver/Delay.o \
  build/default/debug/Source/Driver/ImitationIIC.o \
  build/default/debug/Source/Driver/SD2405.o \
  build/default/debug/Source/Driver/Buffer.o \
  build/default/debug/Source/SerialPort/Action.o \
  build/default/debug/Source/SerialPort/CRC16.o \
  build/default/debug/Source/SerialPort/RefParameter.o \
  build/default/debug/Source/SerialPort/RtuFrame.o \
  build/default/debug/Source/Yongci/DeviceParameter.o \
  build/default/debug/Source/Yongci/SwtichCondition.o \
  build/default/debug/Source/Yongci/yongci.o \
  build/default/debug/Source/main.o \
  --defsym=__MPLAB_BUILD=1 \
  --defsym=__MPLAB_DEBUG=1 \
  --defsym=__DEBUG=1 \
  --defsym=__MPLAB_DEBUGGER_SIMULATOR=1 \
  -Tp30F6012A.gld.00 \
  --stack=16 \
  --check-sections \
  --data-init \
  --pack-data \
  --handles \
  --isr \
  --no-gc-sections \
  --fill-upper=0 \
  --stackguard=16 \
  --no-force-link \
  --smart-io \
  -Map=dist/default/debug/YongciContronerCAN_V2.0.X.debug.map \
  --report-mem \
  --memorysummary \
  dist/default/debug/memoryfile.xml \
  -start-group \
  --library=lega-pic30-elf \
  --library=m-elf \
  --library=lega-c-elf \
  -end-group \


Optional library libp30F6012A.a not found
Archive member included because of file (symbol)

c:/program files (x86)/microchip/xc16/v1.30/bin/bin/../../lib\liblega-pic30-elf.a(crt0_standard.o)
                              (__resetPRI)
c:/program files (x86)/microchip/xc16/v1.30/bin/bin/../../lib\liblega-pic30-elf.a(data_init_standard.o)
                              c:/program files (x86)/microchip/xc16/v1.30/bin/bin/../../lib\liblega-pic30-elf.a(crt0_standard.o) (__data_init_standard)
c:/program files (x86)/microchip/xc16/v1.30/bin/bin/../../lib\liblega-pic30-elf.a(crt_start_mode_normal.Leo)
                              (__crt_start_mode_normal)
c:/program files (x86)/microchip/xc16/v1.30/bin/bin/../../lib\liblega-pic30-elf.a(eedata_helper.Leo)
                              build/default/debug/Source/Driver/EEPROMOperate.o (__eedata_helper1)
c:/program files (x86)/microchip/xc16/v1.30/bin/bin/../../lib\liblega-pic30-elf.a(memcpy_helper.Leo)
                              build/default/debug/Source/Driver/EEPROMOperate.o (__memcpy_helper)
c:/program files (x86)/microchip/xc16/v1.30/bin/bin/../../lib\liblega-pic30-elf.a(delay32.Leo)
                              build/default/debug/Source/Driver/CAN.o (___delay32)
c:/program files (x86)/microchip/xc16/v1.30/bin/bin/../../lib\libm-elf.a(addsf3.eo)
                              build/default/debug/Source/Driver/InitTemp.o (___subsf3)
c:/program files (x86)/microchip/xc16/v1.30/bin/bin/../../lib\libm-elf.a(feqltle.eo)
                              build/default/debug/Source/SerialPort/Action.o (___ltsf2)
c:/program files (x86)/microchip/xc16/v1.30/bin/bin/../../lib\libm-elf.a(fgtge.eo)
                              build/default/debug/Source/Yongci/DeviceParameter.o (___gtsf2)
c:/program files (x86)/microchip/xc16/v1.30/bin/bin/../../lib\libm-elf.a(fixunssfsi.eo)
                              build/default/debug/Source/Driver/Timer.o (___fixunssfsi)
c:/program files (x86)/microchip/xc16/v1.30/bin/bin/../../lib\libm-elf.a(floatunsisf.eo)
                              build/default/debug/Source/Driver/Timer.o (___floatunsisf)
c:/program files (x86)/microchip/xc16/v1.30/bin/bin/../../lib\libm-elf.a(fpack.eo)
                              c:/program files (x86)/microchip/xc16/v1.30/bin/bin/../../lib\libm-elf.a(addsf3.eo) (__fpack)
c:/program files (x86)/microchip/xc16/v1.30/bin/bin/../../lib\libm-elf.a(funpack.eo)
[...]
Memory Configuration

Name             Origin             Length             Attributes
data             0x000800           0x002000           a !xr
reset            0x000000           0x000004  
ivt              0x000004           0x00007c  
_reserved        0x000080           0x000004  
aivt             0x000084           0x00007c  
program          0x000100           0x017f00           xr
eedata           0x7ff000           0x001000  
FUID0            0x8005c0           0x000002  
FUID1            0x8005c2           0x000002  
FUID2            0x8005c4           0x000002  
FUID3            0x8005c6           0x000002  
FOSC             0xf80000           0x000002  
FWDT             0xf80002           0x000002  
FBORPOR          0xf80004           0x000002  
FBS              0xf80006           0x000002  
FSS              0xf80008           0x000002  
FGS              0xf8000a           0x000002  
FICD             0xf8000c           0x000002  
*default*        0x000000           0xffffffff  

Linker script and memory map

LOAD build/default/debug/Source/DeviceNet/DeviceNet.o
LOAD build/default/debug/Source/Driver/AdcSample.o
LOAD build/default/debug/Source/Driver/CAN.o
LOAD build/default/debug/Source/Driver/DeviceIO.o
LOAD build/default/debug/Source/Driver/Timer.o
LOAD build/default/debug/Source/Driver/Usart.o
LOAD build/default/debug/Source/Driver/traps.o
LOAD build/default/debug/Source/Driver/EEPROMOperate.o
LOAD build/default/debug/Source/Driver/InitTemp.o
LOAD build/default/debug/Source/Driver/Delay.o
LOAD build/default/debug/Source/Driver/ImitationIIC.o
LOAD build/default/debug/Source/Driver/SD2405.o
LOAD build/default/debug/Source/Driver/Buffer.o
LOAD build/default/debug/Source/SerialPort/Action.o
LOAD build/default/debug/Source/SerialPort/CRC16.o
LOAD build/default/debug/Source/SerialPort/RefParameter.o
LOAD build/default/debug/Source/SerialPort/RtuFrame.o
LOAD build/default/debug/Source/Yongci/DeviceParameter.o
LOAD build/default/debug/Source/Yongci/SwtichCondition.o
LOAD build/default/debug/Source/Yongci/yongci.o
LOAD build/default/debug/Source/main.o
                    0x0001                  __MPLAB_BUILD = 0x1
                    0x0001                  __MPLAB_DEBUG = 0x1
                    0x0001                  __DEBUG = 0x1
                    0x0001                  __MPLAB_DEBUGGER_SIMULATOR = 0x1
LOAD p30F6012A
LOAD c:/program files (x86)/microchip/xc16/v1.30/bin/bin/../../lib\libfx-elf.a
                    0x8005c0                  __FUID0 = 0x8005c0
                    0x8005c2                  __FUID1 = 0x8005c2
                    0x8005c4                  __FUID2 = 0x8005c4
                    0x8005c6                  __FUID3 = 0x8005c6
                    0xf80000                  __FOSC = 0xf80000
                    0xf80002                  __FWDT = 0xf80002
                    0xf80004                  __FBORPOR = 0xf80004
                    0xf80006                  __FBS = 0xf80006
                    0xf80008                  __FSS = 0xf80008
                    0xf8000a                  __FGS = 0xf8000a
                    0xf8000c                  __FICD = 0xf8000c
                    0x0100                  __CODE_BASE = 0x100
                    0x17f00                  __CODE_LENGTH = 0x17f00
                    0x0004                  __IVT_BASE = 0x4
                    0x0084                  __AIVT_BASE = 0x84
                    0x0800                  __DATA_BASE = 0x800
                    0x2000                  __DATA_LENGTH = 0x2000
                    0x1800                  __YDATA_BASE = 0x1800

.reset            0x000000          0x4
                  0x000000          0x2 SHORT 0x100 ABSOLUTE (__reset)
                  0x000001          0x2 SHORT 0x4
                  0x000002          0x2 SHORT 0x0 ((ABSOLUTE (__reset) >> 0x10) & 0x7f)
                  0x000003          0x2 SHORT 0x0

.text             0x000100        0x45a
 *(.init)
 .init            0x000100         0x4c c:/program files (x86)/microchip/xc16/v1.30/bin/bin/../../lib\liblega-pic30-elf.a(crt0_standard.o)
                  0x000100                  __resetPRI
                  0x000100                  __reset
                  0x00013c                  __psv_init
 .init            0x00014c         0x7c c:/program files (x86)/microchip/xc16/v1.30/bin/bin/../../lib\liblega-pic30-elf.a(data_init_standard.o)
                  0x000152                  __data_init_standard
                  0x000152                  __data_init
 *(.user_init)
 *(.handle)
 .handle          0x0001c8         0x38 jump_table
 *(.isr*)
 .isr.text        0x000200         0x20 build/default/debug/Source/Driver/traps.o
                  0x000200                  __OscillatorFail
                  0x000204                  __AddressError
                  0x000208                  __StackError
                  0x00020c                  __MathError
                  0x000210                  __AltOscillatorFail
                  0x000214                  __AltAddressError
                  0x000218                  __AltStackError
                  0x00021c                  __AltMathError
 .isr             0x000220          0x4 default_isr
                  0x000220                  __DefaultInterrupt
 *(.libc)
 *(.libm)
 *(.libdsp)
 *(.lib*)
 .libpic30_crt_start_mode
                  0x000224          0x2 c:/program files (x86)/microchip/xc16/v1.30/bin/bin/../../lib\liblega-pic30-elf.a(crt_start_mode_normal.Leo)
                  0x000224                  __crt_start_mode
                  0x000224                  __crt_start_mode_normal
 .libc.eedata_helper1234
                  0x000226         0x50 c:/program files (x86)/microchip/xc16/v1.30/bin/bin/../../lib\liblega-pic30-elf.a(eedata_helper.Leo)
                  0x000226                  __eedata_helper1
                  0x000250                  __eedata_helper2
                  0x000258                  __eedata_helper3
                  0x000264                  __eedata_helper4
 .libc.memcpy_helper
                  0x000276         0x36 c:/program files (x86)/microchip/xc16/v1.30/bin/bin/../../lib\liblega-pic30-elf.a(memcpy_helper.Leo)
                  0x000276                  __memcpy_helper
 .libm.subsf3     0x0002ac         0xbc c:/program files (x86)/microchip/xc16/v1.30/bin/bin/../../lib\libm-elf.a(addsf3.eo)
                  0x0002ac                  ___subsf3
                  0x0002ae                  ___addsf3
 .libm.eqsf2      0x000368          0x4 c:/program files (x86)/microchip/xc16/v1.30/bin/bin/../../lib\libm-elf.a(feqltle.eo)
                  0x000368                  ___eqsf2
                  0x000368                  ___ltsf2
                  0x000368                  ___lesf2
 .libm.gtsf2      0x00036c          0x4 c:/program files (x86)/microchip/xc16/v1.30/bin/bin/../../lib\libm-elf.a(fgtge.eo)
                  0x00036c                  ___gesf2
                  0x00036c                  ___gtsf2
 .libm.fixunssfsi
                  0x000370         0x36 c:/program files (x86)/microchip/xc16/v1.30/bin/bin/../../lib\libm-elf.a(fixunssfsi.eo)
                  0x000370                  ___fixunssfsi
 .libm.floatunsisf
                  0x0003a6          0x4 c:/program files (x86)/microchip/xc16/v1.30/bin/bin/../../lib\libm-elf.a(floatunsisf.eo)
                  0x0003a6                  ___floatunsisf
 .libm.fpack      0x0003aa         0x4c c:/program files (x86)/microchip/xc16/v1.30/bin/bin/../../lib\libm-elf.a(fpack.eo)
                  0x0003aa                  __fpack
 .libm.funpack    0x0003f6         0x2a c:/program files (x86)/microchip/xc16/v1.30/bin/bin/../../lib\libm-elf.a(funpack.eo)
                  0x0003f6                  __funpack
 .libm.funpack2
                  0x000420         0x10 c:/program files (x86)/microchip/xc16/v1.30/bin/bin/../../lib\libm-elf.a(funpack2.eo)
                  0x000420                  __funpack2
 .libm.fPropagateNaN
                  0x000430         0x12 c:/program files (x86)/microchip/xc16/v1.30/bin/bin/../../lib\libm-elf.a(futil.eo)
                  0x000430                  __fPropagateNaN
 .libm.fbobExit
                  0x000442          0x8 c:/program files (x86)/microchip/xc16/v1.30/bin/bin/../../lib\libm-elf.a(futil.eo)
                  0x000442                  __fbopExit
 .libm.fbopReturnNaN
                  0x00044a          0x6 c:/program files (x86)/microchip/xc16/v1.30/bin/bin/../../lib\libm-elf.a(futil.eo)
                  0x00044a                  __fbopReturnNaN
 .libm.mulsf3     0x000450         0x68 c:/program files (x86)/microchip/xc16/v1.30/bin/bin/../../lib\libm-elf.a(mulsf3.eo)
                  0x000450                  ___mulsf3
 .libm.fcompare
                  0x0004b8         0x36 c:/program files (x86)/microchip/xc16/v1.30/bin/bin/../../lib\libm-elf.a(fcompare.eo)
                  0x0004b8                  __fcompare
 .libm.floatundisf
                  0x0004ee         0x5e c:/program files (x86)/microchip/xc16/v1.30/bin/bin/../../lib\libm-elf.a(floatundisf.eo)
                  0x0004ee                  ___floatundisf
 .libc.memcpy     0x00054c          0xe c:/program files (x86)/microchip/xc16/v1.30/bin/bin/../../lib\liblega-c-elf.a(memcpy.XX_eo)
                  0x00054c                  _memcpy

usercode
 *(usercode)

__FUID0
 *(__FUID0.sec*)

__FUID1
 *(__FUID1.sec*)

__FUID2
 *(__FUID2.sec*)

__FUID3
 *(__FUID3.sec*)

__FOSC
 *(__FOSC.sec*)

__FWDT
 *(__FWDT.sec*)

__FBORPOR
 *(__FBORPOR.sec*)

__FBS             0xf80006          0x2
 *(__FBS.sec*)
 __FBS.sec        0xf80006          0x2 FBS
                  0xf80006                  __FBS.sec

__FSS             0xf80008          0x2
 *(__FSS.sec*)
 __FSS.sec        0xf80008          0x2 FSS
                  0xf80008                  __FSS.sec

__FGS             0xf8000a          0x2
 *(__FGS.sec*)
 __FGS.sec        0xf8000a          0x2 FGS
                  0xf8000a                  __FGS.sec

__FICD
 *(__FICD.sec*)

user_eedata
 *(user_eedata)

userdata
 *(userdata)

.comment
 *(.comment)

.debug_info       0x000000      0x11f4b
 *(.debug_info)
 .debug_info      0x000000        0xe77 build/default/debug/Source/DeviceNet/DeviceNet.o
 .debug_info      0x000e77        0xeab build/default/debug/Source/Driver/AdcSample.o
 .debug_info      0x001d22       0x323d build/default/debug/Source/Driver/CAN.o
 .debug_info      0x004f5f       0x1756 build/default/debug/Source/Driver/DeviceIO.o
 .debug_info      0x0066b5       0x141d build/default/debug/Source/Driver/Timer.o
 .debug_info      0x007ad2        0xc6d build/default/debug/Source/Driver/Usart.o
 .debug_info      0x00873f        0x2a2 build/default/debug/Source/Driver/traps.o
 .debug_info      0x0089e1        0x6d9 build/default/debug/Source/Driver/EEPROMOperate.o
 .debug_info      0x0090ba        0x6bb build/default/debug/Source/Driver/InitTemp.o
 .debug_info      0x009775        0x524 build/default/debug/Source/Driver/Delay.o
 .debug_info      0x009c99        0x789 build/default/debug/Source/Driver/ImitationIIC.o
 .debug_info      0x00a422        0x5cf build/default/debug/Source/Driver/SD2405.o
 .debug_info      0x00a9f1        0x348 build/default/debug/Source/Driver/Buffer.o
 .debug_info      0x00ad39       0x1716 build/default/debug/Source/SerialPort/Action.o
 .debug_info      0x00c44f        0x243 build/default/debug/Source/SerialPort/CRC16.o
 .debug_info      0x00c692       0x10ea build/default/debug/Source/SerialPort/RefParameter.o
 .debug_info      0x00d77c        0xa67 build/default/debug/Source/SerialPort/RtuFrame.o
 .debug_info      0x00e1e3        0xa6b build/default/debug/Source/Yongci/DeviceParameter.o
 .debug_info      0x00ec4e        0xb56 build/default/debug/Source/Yongci/SwtichCondition.o
 .debug_info      0x00f7a4       0x2407 build/default/debug/Source/Yongci/yongci.o
 .debug_info      0x011bab        0x3a0 build/default/debug/Source/main.o
 *(.gnu.linkonce.wi.*)

.debug_abbrev     0x000000       0x1d1d
 *(.debug_abbrev)
 .debug_abbrev    0x000000        0x20b build/default/debug/Source/DeviceNet/DeviceNet.o
 .debug_abbrev    0x00020b        0x118 build/default/debug/Source/Driver/AdcSample.o
 .debug_abbrev    0x000323        0x26b build/default/debug/Source/Driver/CAN.o
 .debug_abbrev    0x00058e        0x18c build/default/debug/Source/Driver/DeviceIO.o
 .debug_abbrev    0x00071a        0x122 build/default/debug/Source/Driver/Timer.o
 .debug_abbrev    0x00083c        0x12b build/default/debug/Source/Driver/Usart.o
 .debug_abbrev    0x000967         0x7d build/default/debug/Source/Driver/traps.o
 .debug_abbrev    0x0009e4        0x156 build/default/debug/Source/Driver/EEPROMOperate.o
 .debug_abbrev    0x000b3a        0x13c build/default/debug/Source/Driver/InitTemp.o
 .debug_abbrev    0x000c76        0x152 build/default/debug/Source/Driver/Delay.o
 .debug_abbrev    0x000dc8        0x14a build/default/debug/Source/Driver/ImitationIIC.o
 .debug_abbrev    0x000f12        0x14d build/default/debug/Source/Driver/SD2405.o
 .debug_abbrev    0x00105f        0x100 build/default/debug/Source/Driver/Buffer.o
 .debug_abbrev    0x00115f        0x23f build/default/debug/Source/SerialPort/Action.o
 .debug_abbrev    0x00139e         0xa7 build/default/debug/Source/SerialPort/CRC16.o
 .debug_abbrev    0x001445        0x1c4 build/default/debug/Source/SerialPort/RefParameter.o
 .debug_abbrev    0x001609        0x1de build/default/debug/Source/SerialPort/RtuFrame.o
 .debug_abbrev    0x0017e7        0x114 build/default/debug/Source/Yongci/DeviceParameter.o
 .debug_abbrev    0x0018fb         0xef build/default/debug/Source/Yongci/SwtichCondition.o
 .debug_abbrev    0x0019ea        0x262 build/default/debug/Source/Yongci/yongci.o
 .debug_abbrev    0x001c4c         0xd1 build/default/debug/Source/main.o

.debug_line       0x000000       0x289b
 *(.debug_line)
 .debug_line      0x000000        0x288 build/default/debug/Source/DeviceNet/DeviceNet.o
 .debug_line      0x000288        0x140 build/default/debug/Source/Driver/AdcSample.o
 .debug_line      0x0003c8        0x2bd build/default/debug/Source/Driver/CAN.o
 .debug_line      0x000685        0x1d9 build/default/debug/Source/Driver/DeviceIO.o
 .debug_line      0x00085e        0x189 build/default/debug/Source/Driver/Timer.o
 .debug_line      0x0009e7        0x188 build/default/debug/Source/Driver/Usart.o
 .debug_line      0x000b6f         0xa8 build/default/debug/Source/Driver/traps.o
 .debug_line      0x000c17        0x1e6 build/default/debug/Source/Driver/EEPROMOperate.o
 .debug_line      0x000dfd        0x18f build/default/debug/Source/Driver/InitTemp.o
 .debug_line      0x000f8c        0x159 build/default/debug/Source/Driver/Delay.o
 .debug_line      0x0010e5        0x18c build/default/debug/Source/Driver/ImitationIIC.o
 .debug_line      0x001271        0x17d build/default/debug/Source/Driver/SD2405.o
 .debug_line      0x0013ee         0xc8 build/default/debug/Source/Driver/Buffer.o
 .debug_line      0x0014b6        0x3f2 build/default/debug/Source/SerialPort/Action.o
 .debug_line      0x0018a8         0xab build/default/debug/Source/SerialPort/CRC16.o
 .debug_line      0x001953        0x34b build/default/debug/Source/SerialPort/RefParameter.o
 .debug_line      0x001c9e        0x1c1 build/default/debug/Source/SerialPort/RtuFrame.o
 .debug_line      0x001e5f        0x213 build/default/debug/Source/Yongci/DeviceParameter.o
 .debug_line      0x002072        0x28f build/default/debug/Source/Yongci/SwtichCondition.o
 .debug_line      0x002301        0x454 build/default/debug/Source/Yongci/yongci.o
 .debug_line      0x002755        0x146 build/default/debug/Source/main.o

.debug_frame      0x000000       0x11e0
 *(.debug_frame)
 .debug_frame     0x000000        0x15c build/default/debug/Source/DeviceNet/DeviceNet.o
 .debug_frame     0x00015c         0x34 build/default/debug/Source/Driver/AdcSample.o
 .debug_frame     0x000190        0x142 build/default/debug/Source/Driver/CAN.o
 .debug_frame     0x0002d2         0xe0 build/default/debug/Source/Driver/DeviceIO.o
 .debug_frame     0x0003b2         0xd4 build/default/debug/Source/Driver/Timer.o
 .debug_frame     0x000486         0xa8 build/default/debug/Source/Driver/Usart.o
 .debug_frame     0x00052e         0x94 build/default/debug/Source/Driver/traps.o
 .debug_frame     0x0005c2         0xda build/default/debug/Source/Driver/EEPROMOperate.o
 .debug_frame     0x00069c         0xae build/default/debug/Source/Driver/InitTemp.o
 .debug_frame     0x00074a         0x76 build/default/debug/Source/Driver/Delay.o
 .debug_frame     0x0007c0        0x124 build/default/debug/Source/Driver/ImitationIIC.o
 .debug_frame     0x0008e4         0xbe build/default/debug/Source/Driver/SD2405.o
 .debug_frame     0x0009a2         0x44 build/default/debug/Source/Driver/Buffer.o
 .debug_frame     0x0009e6        0x1d0 build/default/debug/Source/SerialPort/Action.o
 .debug_frame     0x000bb6         0x24 build/default/debug/Source/SerialPort/CRC16.o
 .debug_frame     0x000bda        0x18e build/default/debug/Source/SerialPort/RefParameter.o
 .debug_frame     0x000d68         0xc4 build/default/debug/Source/SerialPort/RtuFrame.o
 .debug_frame     0x000e2c         0x9c build/default/debug/Source/Yongci/DeviceParameter.o
 .debug_frame     0x000ec8         0x56 build/default/debug/Source/Yongci/SwtichCondition.o
 .debug_frame     0x000f1e        0x28c build/default/debug/Source/Yongci/yongci.o
 .debug_frame     0x0011aa         0x36 build/default/debug/Source/main.o

.debug_str        0x000000        0xbee
 *(.debug_str)
 .debug_str       0x000000        0x141 build/default/debug/Source/DeviceNet/DeviceNet.o
 .debug_str       0x000141         0x66 build/default/debug/Source/Driver/AdcSample.o
 .debug_str       0x0001a7        0x215 build/default/debug/Source/Driver/CAN.o
 .debug_str       0x0003bc         0xba build/default/debug/Source/Driver/DeviceIO.o
 .debug_str       0x000476         0x9d build/default/debug/Source/Driver/Timer.o
 .debug_str       0x000513         0x54 build/default/debug/Source/Driver/Usart.o
 .debug_str       0x000567          0xc build/default/debug/Source/Driver/traps.o
 .debug_str       0x000573         0x25 build/default/debug/Source/Driver/EEPROMOperate.o
 .debug_str       0x000598         0x2c build/default/debug/Source/Driver/InitTemp.o
 .debug_str       0x0005c4         0x30 build/default/debug/Source/Driver/Delay.o
 .debug_str       0x0005f4         0x34 build/default/debug/Source/Driver/ImitationIIC.o
 .debug_str       0x000628         0x15 build/default/debug/Source/Driver/SD2405.o
 .debug_str       0x00063d          0xa build/default/debug/Source/Driver/Buffer.o
 .debug_str       0x000647        0x13a build/default/debug/Source/SerialPort/Action.o
 .debug_str       0x000781         0x14 build/default/debug/Source/SerialPort/CRC16.o
 .debug_str       0x000795        0x109 build/default/debug/Source/SerialPort/RefParameter.o
 .debug_str       0x00089e         0x9e build/default/debug/Source/SerialPort/RtuFrame.o
 .debug_str       0x00093c         0x75 build/default/debug/Source/Yongci/DeviceParameter.o
 .debug_str       0x0009b1         0xb1 build/default/debug/Source/Yongci/SwtichCondition.o
 .debug_str       0x000a62        0x179 build/default/debug/Source/Yongci/yongci.o
 .debug_str       0x000bdb         0x13 build/default/debug/Source/main.o

.debug_loc
 *(.debug_loc)

.debug_macinfo
 *(.debug_macinfo)

.debug_pubnames
                  0x000000       0x13fd
 *(.debug_pubnames)
 .debug_pubnames
                  0x000000        0x2a8 build/default/debug/Source/DeviceNet/DeviceNet.o
 .debug_pubnames
                  0x0002a8         0x31 build/default/debug/Source/Driver/AdcSample.o
 .debug_pubnames
                  0x0002d9        0x15b build/default/debug/Source/Driver/CAN.o
 .debug_pubnames
                  0x000434        0x10d build/default/debug/Source/Driver/DeviceIO.o
 .debug_pubnames
                  0x000541         0xf7 build/default/debug/Source/Driver/Timer.o
 .debug_pubnames
                  0x000638         0x85 build/default/debug/Source/Driver/Usart.o
 .debug_pubnames
                  0x0006bd         0xa8 build/default/debug/Source/Driver/traps.o
 .debug_pubnames
                  0x000765         0xa3 build/default/debug/Source/Driver/EEPROMOperate.o
 .debug_pubnames
                  0x000808         0xab build/default/debug/Source/Driver/InitTemp.o
 .debug_pubnames
                  0x0008b3         0x7c build/default/debug/Source/Driver/Delay.o
 .debug_pubnames
                  0x00092f         0xba build/default/debug/Source/Driver/ImitationIIC.o
 .debug_pubnames
                  0x0009e9         0x88 build/default/debug/Source/Driver/SD2405.o
 .debug_pubnames
                  0x000a71         0x66 build/default/debug/Source/Driver/Buffer.o
 .debug_pubnames
                  0x000ad7        0x1ac build/default/debug/Source/SerialPort/Action.o
 .debug_pubnames
                  0x000c83         0x38 build/default/debug/Source/SerialPort/CRC16.o
 .debug_pubnames
                  0x000cbb        0x288 build/default/debug/Source/SerialPort/RefParameter.o
 .debug_pubnames
                  0x000f43        0x169 build/default/debug/Source/SerialPort/RtuFrame.o
 .debug_pubnames
                  0x0010ac         0x64 build/default/debug/Source/Yongci/DeviceParameter.o
 .debug_pubnames
                  0x001110         0x79 build/default/debug/Source/Yongci/SwtichCondition.o
 .debug_pubnames
                  0x001189        0x259 build/default/debug/Source/Yongci/yongci.o
 .debug_pubnames
                  0x0013e2         0x1b build/default/debug/Source/main.o

.debug_ranges
 *(.debug_ranges)

.debug_aranges    0x000000        0x1f8
 *(.debug_aranges)
 .debug_aranges
                  0x000000         0x18 build/default/debug/Source/DeviceNet/DeviceNet.o
 .debug_aranges
                  0x000018         0x18 build/default/debug/Source/Driver/AdcSample.o
 .debug_aranges
                  0x000030         0x18 build/default/debug/Source/Driver/CAN.o
 .debug_aranges
                  0x000048         0x18 build/default/debug/Source/Driver/DeviceIO.o
 .debug_aranges
                  0x000060         0x18 build/default/debug/Source/Driver/Timer.o
 .debug_aranges
                  0x000078         0x18 build/default/debug/Source/Driver/Usart.o
 .debug_aranges
                  0x000090         0x18 build/default/debug/Source/Driver/traps.o
 .debug_aranges
                  0x0000a8         0x18 build/default/debug/Source/Driver/EEPROMOperate.o
 .debug_aranges
                  0x0000c0         0x18 build/default/debug/Source/Driver/InitTemp.o
 .debug_aranges
                  0x0000d8         0x18 build/default/debug/Source/Driver/Delay.o
 .debug_aranges
                  0x0000f0         0x18 build/default/debug/Source/Driver/ImitationIIC.o
 .debug_aranges
                  0x000108         0x18 build/default/debug/Source/Driver/SD2405.o
 .debug_aranges
                  0x000120         0x18 build/default/debug/Source/Driver/Buffer.o
 .debug_aranges
                  0x000138         0x18 build/default/debug/Source/SerialPort/Action.o
 .debug_aranges
                  0x000150         0x18 build/default/debug/Source/SerialPort/CRC16.o
 .debug_aranges
                  0x000168         0x18 build/default/debug/Source/SerialPort/RefParameter.o
 .debug_aranges
                  0x000180         0x18 build/default/debug/Source/SerialPort/RtuFrame.o
 .debug_aranges
                  0x000198         0x18 build/default/debug/Source/Yongci/DeviceParameter.o
 .debug_aranges
                  0x0001b0         0x18 build/default/debug/Source/Yongci/SwtichCondition.o
 .debug_aranges
                  0x0001c8         0x18 build/default/debug/Source/Yongci/yongci.o
 .debug_aranges
                  0x0001e0         0x18 build/default/debug/Source/main.o
                    0x0000                  WREG0 = 0x0
                    0x0000                  _WREG0 = 0x0
                    0x0002                  WREG1 = 0x2
                    0x0002                  _WREG1 = 0x2
                    0x0004                  WREG2 = 0x4
                    0x0004                  _WREG2 = 0x4
                    0x0006                  WREG3 = 0x6
                    0x0006                  _WREG3 = 0x6
                    0x0008                  WREG4 = 0x8
                    0x0008                  _WREG4 = 0x8
                    0x000a                  WREG5 = 0xa
                    0x000a                  _WREG5 = 0xa
                    0x000c                  WREG6 = 0xc
                    0x000c                  _WREG6 = 0xc
                    0x000e                  WREG7 = 0xe
                    0x000e                  _WREG7 = 0xe
                    0x0010                  WREG8 = 0x10
                    0x0010                  _WREG8 = 0x10
                    0x0012                  WREG9 = 0x12
                    0x0012                  _WREG9 = 0x12
                    0x0014                  WREG10 = 0x14
                    0x0014                  _WREG10 = 0x14
                    0x0016                  WREG11 = 0x16
                    0x0016                  _WREG11 = 0x16
                    0x0018                  WREG12 = 0x18
                    0x0018                  _WREG12 = 0x18
                    0x001a                  WREG13 = 0x1a
                    0x001a                  _WREG13 = 0x1a
                    0x001c                  WREG14 = 0x1c
                    0x001c                  _WREG14 = 0x1c
                    0x001e                  WREG15 = 0x1e
                    0x001e                  _WREG15 = 0x1e
                    0x0020                  SPLIM = 0x20
                    0x0020                  _SPLIM = 0x20
                    0x0022                  ACCAL = 0x22
                    0x0022                  _ACCAL = 0x22
                    0x0024                  ACCAH = 0x24
                    0x0024                  _ACCAH = 0x24
                    0x0026                  ACCAU = 0x26
                    0x0026                  _ACCAU = 0x26
                    0x0028                  ACCBL = 0x28
                    0x0028                  _ACCBL = 0x28
                    0x002a                  ACCBH = 0x2a
                    0x002a                  _ACCBH = 0x2a
                    0x002c                  ACCBU = 0x2c
                    0x002c                  _ACCBU = 0x2c
                    0x002e                  PCL = 0x2e
                    0x002e                  _PCL = 0x2e
                    0x0030                  PCH = 0x30
                    0x0030                  _PCH = 0x30
                    0x0032                  TBLPAG = 0x32
                    0x0032                  _TBLPAG = 0x32
                    0x0034                  PSVPAG = 0x34
                    0x0034                  _PSVPAG = 0x34
                    0x0036                  RCOUNT = 0x36
                    0x0036                  _RCOUNT = 0x36
                    0x0038                  DCOUNT = 0x38
                    0x0038                  _DCOUNT = 0x38
                    0x003a                  DOSTARTL = 0x3a
                    0x003a                  _DOSTARTL = 0x3a
                    0x003c                  DOSTARTH = 0x3c
                    0x003c                  _DOSTARTH = 0x3c
                    0x003e                  DOENDL = 0x3e
                    0x003e                  _DOENDL = 0x3e
                    0x0040                  DOENDH = 0x40
                    0x0040                  _DOENDH = 0x40
                    0x0042                  SR = 0x42
                    0x0042                  _SR = 0x42
                    0x0042                  _SRbits = 0x42
                    0x0044                  CORCON = 0x44
                    0x0044                  _CORCON = 0x44
                    0x0044                  _CORCONbits = 0x44
                    0x0046                  MODCON = 0x46
                    0x0046                  _MODCON = 0x46
                    0x0046                  _MODCONbits = 0x46
                    0x0048                  XMODSRT = 0x48
                    0x0048                  _XMODSRT = 0x48
                    0x004a                  XMODEND = 0x4a
                    0x004a                  _XMODEND = 0x4a
                    0x004c                  YMODSRT = 0x4c
                    0x004c                  _YMODSRT = 0x4c
                    0x004e                  YMODEND = 0x4e
                    0x004e                  _YMODEND = 0x4e
                    0x0050                  XBREV = 0x50
                    0x0050                  _XBREV = 0x50
                    0x0050                  _XBREVbits = 0x50
                    0x0052                  DISICNT = 0x52
                    0x0052                  _DISICNT = 0x52
                    0x0052                  _DISICNTbits = 0x52
                    0x0080                  INTCON1 = 0x80
                    0x0080                  _INTCON1 = 0x80
                    0x0080                  _INTCON1bits = 0x80
                    0x0082                  INTCON2 = 0x82
                    0x0082                  _INTCON2 = 0x82
                    0x0082                  _INTCON2bits = 0x82
                    0x0084                  IFS0 = 0x84
                    0x0084                  _IFS0 = 0x84
                    0x0084                  _IFS0bits = 0x84
                    0x0086                  IFS1 = 0x86
                    0x0086                  _IFS1 = 0x86
                    0x0086                  _IFS1bits = 0x86
                    0x0088                  IFS2 = 0x88
                    0x0088                  _IFS2 = 0x88
                    0x0088                  _IFS2bits = 0x88
                    0x008c                  IEC0 = 0x8c
                    0x008c                  _IEC0 = 0x8c
                    0x008c                  _IEC0bits = 0x8c
                    0x008e                  IEC1 = 0x8e
                    0x008e                  _IEC1 = 0x8e
                    0x008e                  _IEC1bits = 0x8e
                    0x0090                  IEC2 = 0x90
                    0x0090                  _IEC2 = 0x90
                    0x0090                  _IEC2bits = 0x90
                    0x0094                  IPC0 = 0x94
                    0x0094                  _IPC0 = 0x94
                    0x0094                  _IPC0bits = 0x94
                    0x0096                  IPC1 = 0x96
                    0x0096                  _IPC1 = 0x96
                    0x0096                  _IPC1bits = 0x96
                    0x0098                  IPC2 = 0x98
                    0x0098                  _IPC2 = 0x98
                    0x0098                  _IPC2bits = 0x98
                    0x009a                  IPC3 = 0x9a
                    0x009a                  _IPC3 = 0x9a
                    0x009a                  _IPC3bits = 0x9a
                    0x009c                  IPC4 = 0x9c
                    0x009c                  _IPC4 = 0x9c
                    0x009c                  _IPC4bits = 0x9c
                    0x009e                  IPC5 = 0x9e
                    0x009e                  _IPC5 = 0x9e
                    0x009e                  _IPC5bits = 0x9e
                    0x00a0                  IPC6 = 0xa0
                    0x00a0                  _IPC6 = 0xa0
                    0x00a0                  _IPC6bits = 0xa0
                    0x00a2                  IPC7 = 0xa2
                    0x00a2                  _IPC7 = 0xa2
                    0x00a2                  _IPC7bits = 0xa2
                    0x00a4                  IPC8 = 0xa4
                    0x00a4                  _IPC8 = 0xa4
                    0x00a4                  _IPC8bits = 0xa4
                    0x00a6                  IPC9 = 0xa6
                    0x00a6                  _IPC9 = 0xa6
                    0x00a6                  _IPC9bits = 0xa6
                    0x00a8                  IPC10 = 0xa8
                    0x00a8                  _IPC10 = 0xa8
                    0x00a8                  _IPC10bits = 0xa8
                    0x00b0                  INTTREG = 0xb0
                    0x00b0                  _INTTREG = 0xb0
                    0x00b0                  _INTTREGbits = 0xb0
                    0x00c0                  CNEN1 = 0xc0
                    0x00c0                  _CNEN1 = 0xc0
                    0x00c0                  _CNEN1bits = 0xc0
                    0x00c2                  CNEN2 = 0xc2
                    0x00c2                  _CNEN2 = 0xc2
                    0x00c2                  _CNEN2bits = 0xc2
                    0x00c4                  CNPU1 = 0xc4
                    0x00c4                  _CNPU1 = 0xc4
                    0x00c4                  _CNPU1bits = 0xc4
                    0x00c6                  CNPU2 = 0xc6
                    0x00c6                  _CNPU2 = 0xc6
                    0x00c6                  _CNPU2bits = 0xc6
                    0x0100                  TMR1 = 0x100
                    0x0100                  _TMR1 = 0x100
                    0x0102                  PR1 = 0x102
                    0x0102                  _PR1 = 0x102
                    0x0104                  T1CON = 0x104
                    0x0104                  _T1CON = 0x104
                    0x0104                  _T1CONbits = 0x104
                    0x0106                  TMR2 = 0x106
                    0x0106                  _TMR2 = 0x106
                    0x0108                  TMR3HLD = 0x108
                    0x0108                  _TMR3HLD = 0x108
                    0x010a                  TMR3 = 0x10a
                    0x010a                  _TMR3 = 0x10a
                    0x010c                  PR2 = 0x10c
                    0x010c                  _PR2 = 0x10c
                    0x010e                  PR3 = 0x10e
                    0x010e                  _PR3 = 0x10e
                    0x0110                  T2CON = 0x110
                    0x0110                  _T2CON = 0x110
                    0x0110                  _T2CONbits = 0x110
                    0x0112                  T3CON = 0x112
                    0x0112                  _T3CON = 0x112
                    0x0112                  _T3CONbits = 0x112
                    0x0114                  TMR4 = 0x114
                    0x0114                  _TMR4 = 0x114
                    0x0116                  TMR5HLD = 0x116
                    0x0116                  _TMR5HLD = 0x116
                    0x0118                  TMR5 = 0x118
                    0x0118                  _TMR5 = 0x118
                    0x011a                  PR4 = 0x11a
                    0x011a                  _PR4 = 0x11a
                    0x011c                  PR5 = 0x11c
                    0x011c                  _PR5 = 0x11c
                    0x011e                  T4CON = 0x11e
                    0x011e                  _T4CON = 0x11e
                    0x011e                  _T4CONbits = 0x11e
                    0x0120                  T5CON = 0x120
                    0x0120                  _T5CON = 0x120
                    0x0120                  _T5CONbits = 0x120
                    0x0140                  IC1BUF = 0x140
                    0x0140                  _IC1BUF = 0x140
                    0x0142                  IC1CON = 0x142
                    0x0142                  _IC1CON = 0x142
                    0x0142                  _IC1CONbits = 0x142
                    0x0144                  IC2BUF = 0x144
                    0x0144                  _IC2BUF = 0x144
                    0x0146                  IC2CON = 0x146
                    0x0146                  _IC2CON = 0x146
                    0x0146                  _IC2CONbits = 0x146
                    0x0148                  IC3BUF = 0x148
                    0x0148                  _IC3BUF = 0x148
                    0x014a                  IC3CON = 0x14a
                    0x014a                  _IC3CON = 0x14a
                    0x014a                  _IC3CONbits = 0x14a
                    0x014c                  IC4BUF = 0x14c
                    0x014c                  _IC4BUF = 0x14c
                    0x014e                  IC4CON = 0x14e
                    0x014e                  _IC4CON = 0x14e
                    0x014e                  _IC4CONbits = 0x14e
                    0x0150                  IC5BUF = 0x150
                    0x0150                  _IC5BUF = 0x150
                    0x0152                  IC5CON = 0x152
                    0x0152                  _IC5CON = 0x152
                    0x0152                  _IC5CONbits = 0x152
                    0x0154                  IC6BUF = 0x154
                    0x0154                  _IC6BUF = 0x154
                    0x0156                  IC6CON = 0x156
                    0x0156                  _IC6CON = 0x156
                    0x0156                  _IC6CONbits = 0x156
                    0x0158                  IC7BUF = 0x158
                    0x0158                  _IC7BUF = 0x158
                    0x015a                  IC7CON = 0x15a
                    0x015a                  _IC7CON = 0x15a
                    0x015a                  _IC7CONbits = 0x15a
                    0x015c                  IC8BUF = 0x15c
                    0x015c                  _IC8BUF = 0x15c
                    0x015e                  IC8CON = 0x15e
                    0x015e                  _IC8CON = 0x15e
                    0x015e                  _IC8CONbits = 0x15e
                    0x0180                  OC1RS = 0x180
                    0x0180                  _OC1RS = 0x180
                    0x0182                  OC1R = 0x182
                    0x0182                  _OC1R = 0x182
                    0x0184                  OC1CON = 0x184
                    0x0184                  _OC1CON = 0x184
                    0x0184                  _OC1CONbits = 0x184
                    0x0186                  OC2RS = 0x186
                    0x0186                  _OC2RS = 0x186
                    0x0188                  OC2R = 0x188
                    0x0188                  _OC2R = 0x188
                    0x018a                  OC2CON = 0x18a
                    0x018a                  _OC2CON = 0x18a
                    0x018a                  _OC2CONbits = 0x18a
                    0x018c                  OC3RS = 0x18c
                    0x018c                  _OC3RS = 0x18c
                    0x018e                  OC3R = 0x18e
                    0x018e                  _OC3R = 0x18e
                    0x0190                  OC3CON = 0x190
                    0x0190                  _OC3CON = 0x190
                    0x0190                  _OC3CONbits = 0x190
                    0x0192                  OC4RS = 0x192
                    0x0192                  _OC4RS = 0x192
                    0x0194                  OC4R = 0x194
                    0x0194                  _OC4R = 0x194
                    0x0196                  OC4CON = 0x196
                    0x0196                  _OC4CON = 0x196
                    0x0196                  _OC4CONbits = 0x196
                    0x0198                  OC5RS = 0x198
                    0x0198                  _OC5RS = 0x198
                    0x019a                  OC5R = 0x19a
                    0x019a                  _OC5R = 0x19a
                    0x019c                  OC5CON = 0x19c
                    0x019c                  _OC5CON = 0x19c
                    0x019c                  _OC5CONbits = 0x19c
                    0x019e                  OC6RS = 0x19e
                    0x019e                  _OC6RS = 0x19e
                    0x01a0                  OC6R = 0x1a0
                    0x01a0                  _OC6R = 0x1a0
                    0x01a2                  OC6CON = 0x1a2
                    0x01a2                  _OC6CON = 0x1a2
                    0x01a2                  _OC6CONbits = 0x1a2
                    0x01a4                  OC7RS = 0x1a4
                    0x01a4                  _OC7RS = 0x1a4
                    0x01a6                  OC7R = 0x1a6
                    0x01a6                  _OC7R = 0x1a6
                    0x01a8                  OC7CON = 0x1a8
                    0x01a8                  _OC7CON = 0x1a8
                    0x01a8                  _OC7CONbits = 0x1a8
                    0x01aa                  OC8RS = 0x1aa
                    0x01aa                  _OC8RS = 0x1aa
                    0x01ac                  OC8R = 0x1ac
                    0x01ac                  _OC8R = 0x1ac
                    0x01ae                  OC8CON = 0x1ae
                    0x01ae                  _OC8CON = 0x1ae
                    0x01ae                  _OC8CONbits = 0x1ae
                    0x0200                  I2CRCV = 0x200
                    0x0200                  _I2CRCV = 0x200
                    0x0200                  _I2CRCVbits = 0x200
                    0x0202                  I2CTRN = 0x202
                    0x0202                  _I2CTRN = 0x202
                    0x0202                  _I2CTRNbits = 0x202
                    0x0204                  I2CBRG = 0x204
                    0x0204                  _I2CBRG = 0x204
                    0x0204                  _I2CBRGbits = 0x204
                    0x0206                  I2CCON = 0x206
                    0x0206                  _I2CCON = 0x206
                    0x0206                  _I2CCONbits = 0x206
                    0x0208                  I2CSTAT = 0x208
                    0x0208                  _I2CSTAT = 0x208
                    0x0208                  _I2CSTATbits = 0x208
                    0x020a                  I2CADD = 0x20a
                    0x020a                  _I2CADD = 0x20a
                    0x020a                  _I2CADDbits = 0x20a
                    0x020c                  U1MODE = 0x20c
                    0x020c                  _U1MODE = 0x20c
                    0x020c                  _U1MODEbits = 0x20c
                    0x020e                  U1STA = 0x20e
                    0x020e                  _U1STA = 0x20e
                    0x020e                  _U1STAbits = 0x20e
                    0x0210                  U1TXREG = 0x210
                    0x0210                  _U1TXREG = 0x210
                    0x0210                  _U1TXREGbits = 0x210
                    0x0212                  U1RXREG = 0x212
                    0x0212                  _U1RXREG = 0x212
                    0x0212                  _U1RXREGbits = 0x212
                    0x0214                  U1BRG = 0x214
                    0x0214                  _U1BRG = 0x214
                    0x0216                  U2MODE = 0x216
                    0x0216                  _U2MODE = 0x216
                    0x0216                  _U2MODEbits = 0x216
                    0x0218                  U2STA = 0x218
                    0x0218                  _U2STA = 0x218
                    0x0218                  _U2STAbits = 0x218
                    0x021a                  U2TXREG = 0x21a
                    0x021a                  _U2TXREG = 0x21a
                    0x021a                  _U2TXREGbits = 0x21a
                    0x021c                  U2RXREG = 0x21c
                    0x021c                  _U2RXREG = 0x21c
                    0x021c                  _U2RXREGbits = 0x21c
                    0x021e                  U2BRG = 0x21e
                    0x021e                  _U2BRG = 0x21e
                    0x0220                  SPI1STAT = 0x220
                    0x0220                  _SPI1STAT = 0x220
                    0x0220                  _SPI1STATbits = 0x220
                    0x0222                  SPI1CON = 0x222
                    0x0222                  _SPI1CON = 0x222
                    0x0222                  _SPI1CONbits = 0x222
                    0x0224                  SPI1BUF = 0x224
                    0x0224                  _SPI1BUF = 0x224
                    0x0226                  SPI2STAT = 0x226
                    0x0226                  _SPI2STAT = 0x226
                    0x0226                  _SPI2STATbits = 0x226
                    0x0228                  SPI2CON = 0x228
                    0x0228                  _SPI2CON = 0x228
                    0x0228                  _SPI2CONbits = 0x228
                    0x022a                  SPI2BUF = 0x22a
                    0x022a                  _SPI2BUF = 0x22a
                    0x0240                  DCICON1 = 0x240
                    0x0240                  _DCICON1 = 0x240
                    0x0240                  _DCICON1bits = 0x240
                    0x0242                  DCICON2 = 0x242
                    0x0242                  _DCICON2 = 0x242
                    0x0242                  _DCICON2bits = 0x242
                    0x0244                  DCICON3 = 0x244
                    0x0244                  _DCICON3 = 0x244
                    0x0244                  _DCICON3bits = 0x244
                    0x0246                  DCISTAT = 0x246
                    0x0246                  _DCISTAT = 0x246
                    0x0246                  _DCISTATbits = 0x246
                    0x0248                  TSCON = 0x248
                    0x0248                  _TSCON = 0x248
                    0x0248                  _TSCONbits = 0x248
                    0x024c                  RSCON = 0x24c
                    0x024c                  _RSCON = 0x24c
                    0x024c                  _RSCONbits = 0x24c
                    0x0250                  RXBUF0 = 0x250
                    0x0250                  _RXBUF0 = 0x250
                    0x0252                  RXBUF1 = 0x252
                    0x0252                  _RXBUF1 = 0x252
                    0x0254                  RXBUF2 = 0x254
                    0x0254                  _RXBUF2 = 0x254
                    0x0256                  RXBUF3 = 0x256
                    0x0256                  _RXBUF3 = 0x256
                    0x0258                  TXBUF0 = 0x258
                    0x0258                  _TXBUF0 = 0x258
                    0x025a                  TXBUF1 = 0x25a
                    0x025a                  _TXBUF1 = 0x25a
                    0x025c                  TXBUF2 = 0x25c
                    0x025c                  _TXBUF2 = 0x25c
                    0x025e                  TXBUF3 = 0x25e
                    0x025e                  _TXBUF3 = 0x25e
                    0x0280                  ADCBUF0 = 0x280
                    0x0280                  _ADCBUF0 = 0x280
                    0x0282                  ADCBUF1 = 0x282
                    0x0282                  _ADCBUF1 = 0x282
                    0x0284                  ADCBUF2 = 0x284
                    0x0284                  _ADCBUF2 = 0x284
                    0x0286                  ADCBUF3 = 0x286
                    0x0286                  _ADCBUF3 = 0x286
                    0x0288                  ADCBUF4 = 0x288
                    0x0288                  _ADCBUF4 = 0x288
                    0x028a                  ADCBUF5 = 0x28a
                    0x028a                  _ADCBUF5 = 0x28a
                    0x028c                  ADCBUF6 = 0x28c
                    0x028c                  _ADCBUF6 = 0x28c
                    0x028e                  ADCBUF7 = 0x28e
                    0x028e                  _ADCBUF7 = 0x28e
                    0x0290                  ADCBUF8 = 0x290
                    0x0290                  _ADCBUF8 = 0x290
                    0x0292                  ADCBUF9 = 0x292
                    0x0292                  _ADCBUF9 = 0x292
                    0x0294                  ADCBUFA = 0x294
                    0x0294                  _ADCBUFA = 0x294
                    0x0296                  ADCBUFB = 0x296
                    0x0296                  _ADCBUFB = 0x296
                    0x0298                  ADCBUFC = 0x298
                    0x0298                  _ADCBUFC = 0x298
                    0x029a                  ADCBUFD = 0x29a
                    0x029a                  _ADCBUFD = 0x29a
                    0x029c                  ADCBUFE = 0x29c
                    0x029c                  _ADCBUFE = 0x29c
                    0x029e                  ADCBUFF = 0x29e
                    0x029e                  _ADCBUFF = 0x29e
                    0x02a0                  ADCON1 = 0x2a0
                    0x02a0                  _ADCON1 = 0x2a0
                    0x02a0                  _ADCON1bits = 0x2a0
                    0x02a2                  ADCON2 = 0x2a2
                    0x02a2                  _ADCON2 = 0x2a2
                    0x02a2                  _ADCON2bits = 0x2a2
                    0x02a4                  ADCON3 = 0x2a4
                    0x02a4                  _ADCON3 = 0x2a4
                    0x02a4                  _ADCON3bits = 0x2a4
                    0x02a6                  ADCHS = 0x2a6
                    0x02a6                  _ADCHS = 0x2a6
                    0x02a6                  _ADCHSbits = 0x2a6
                    0x02a8                  ADPCFG = 0x2a8
                    0x02a8                  _ADPCFG = 0x2a8
                    0x02a8                  _ADPCFGbits = 0x2a8
                    0x02aa                  ADCSSL = 0x2aa
                    0x02aa                  _ADCSSL = 0x2aa
                    0x02aa                  _ADCSSLbits = 0x2aa
                    0x02c6                  TRISB = 0x2c6
                    0x02c6                  _TRISB = 0x2c6
                    0x02c6                  _TRISBbits = 0x2c6
                    0x02c8                  PORTB = 0x2c8
                    0x02c8                  _PORTB = 0x2c8
                    0x02c8                  _PORTBbits = 0x2c8
                    0x02ca                  LATB = 0x2ca
                    0x02ca                  _LATB = 0x2ca
                    0x02ca                  _LATBbits = 0x2ca
                    0x02cc                  TRISC = 0x2cc
                    0x02cc                  _TRISC = 0x2cc
                    0x02cc                  _TRISCbits = 0x2cc
                    0x02ce                  PORTC = 0x2ce
                    0x02ce                  _PORTC = 0x2ce
                    0x02ce                  _PORTCbits = 0x2ce
                    0x02d0                  LATC = 0x2d0
                    0x02d0                  _LATC = 0x2d0
                    0x02d0                  _LATCbits = 0x2d0
                    0x02d2                  TRISD = 0x2d2
                    0x02d2                  _TRISD = 0x2d2
                    0x02d2                  _TRISDbits = 0x2d2
                    0x02d4                  PORTD = 0x2d4
                    0x02d4                  _PORTD = 0x2d4
                    0x02d4                  _PORTDbits = 0x2d4
                    0x02d6                  LATD = 0x2d6
                    0x02d6                  _LATD = 0x2d6
                    0x02d6                  _LATDbits = 0x2d6
                    0x02de                  TRISF = 0x2de
                    0x02de                  _TRISF = 0x2de
                    0x02de                  _TRISFbits = 0x2de
                    0x02e0                  PORTF = 0x2e0
                    0x02e0                  _PORTF = 0x2e0
                    0x02e0                  _PORTFbits = 0x2e0
                    0x02e2                  LATF = 0x2e2
                    0x02e2                  _LATF = 0x2e2
                    0x02e2                  _LATFbits = 0x2e2
                    0x02e4                  TRISG = 0x2e4
                    0x02e4                  _TRISG = 0x2e4
                    0x02e4                  _TRISGbits = 0x2e4
                    0x02e6                  PORTG = 0x2e6
                    0x02e6                  _PORTG = 0x2e6
                    0x02e6                  _PORTGbits = 0x2e6
                    0x02e8                  LATG = 0x2e8
                    0x02e8                  _LATG = 0x2e8
                    0x02e8                  _LATGbits = 0x2e8
                    0x0300                  C1RXF0SID = 0x300
                    0x0300                  _C1RXF0SID = 0x300
                    0x0300                  _C1RXF0SIDbits = 0x300
                    0x0302                  C1RXF0EIDH = 0x302
                    0x0302                  _C1RXF0EIDH = 0x302
                    0x0302                  _C1RXF0EIDHbits = 0x302
                    0x0304                  C1RXF0EIDL = 0x304
                    0x0304                  _C1RXF0EIDL = 0x304
                    0x0304                  _C1RXF0EIDLbits = 0x304
                    0x0308                  C1RXF1SID = 0x308
                    0x0308                  _C1RXF1SID = 0x308
                    0x0308                  _C1RXF1SIDbits = 0x308
                    0x030a                  C1RXF1EIDH = 0x30a
                    0x030a                  _C1RXF1EIDH = 0x30a
                    0x030a                  _C1RXF1EIDHbits = 0x30a
                    0x030c                  C1RXF1EIDL = 0x30c
                    0x030c                  _C1RXF1EIDL = 0x30c
                    0x030c                  _C1RXF1EIDLbits = 0x30c
                    0x0310                  C1RXF2SID = 0x310
                    0x0310                  _C1RXF2SID = 0x310
                    0x0310                  _C1RXF2SIDbits = 0x310
                    0x0312                  C1RXF2EIDH = 0x312
                    0x0312                  _C1RXF2EIDH = 0x312
                    0x0312                  _C1RXF2EIDHbits = 0x312
                    0x0314                  C1RXF2EIDL = 0x314
                    0x0314                  _C1RXF2EIDL = 0x314
                    0x0314                  _C1RXF2EIDLbits = 0x314
                    0x0318                  C1RXF3SID = 0x318
                    0x0318                  _C1RXF3SID = 0x318
                    0x0318                  _C1RXF3SIDbits = 0x318
                    0x031a                  C1RXF3EIDH = 0x31a
                    0x031a                  _C1RXF3EIDH = 0x31a
                    0x031a                  _C1RXF3EIDHbits = 0x31a
                    0x031c                  C1RXF3EIDL = 0x31c
                    0x031c                  _C1RXF3EIDL = 0x31c
                    0x031c                  _C1RXF3EIDLbits = 0x31c
                    0x0320                  C1RXF4SID = 0x320
                    0x0320                  _C1RXF4SID = 0x320
                    0x0320                  _C1RXF4SIDbits = 0x320
                    0x0322                  C1RXF4EIDH = 0x322
                    0x0322                  _C1RXF4EIDH = 0x322
                    0x0322                  _C1RXF4EIDHbits = 0x322
                    0x0324                  C1RXF4EIDL = 0x324
                    0x0324                  _C1RXF4EIDL = 0x324
                    0x0324                  _C1RXF4EIDLbits = 0x324
                    0x0328                  C1RXF5SID = 0x328
                    0x0328                  _C1RXF5SID = 0x328
                    0x0328                  _C1RXF5SIDbits = 0x328
                    0x032a                  C1RXF5EIDH = 0x32a
                    0x032a                  _C1RXF5EIDH = 0x32a
                    0x032a                  _C1RXF5EIDHbits = 0x32a
                    0x032c                  C1RXF5EIDL = 0x32c
                    0x032c                  _C1RXF5EIDL = 0x32c
                    0x032c                  _C1RXF5EIDLbits = 0x32c
                    0x0330                  C1RXM0SID = 0x330
                    0x0330                  _C1RXM0SID = 0x330
                    0x0330                  _C1RXM0SIDbits = 0x330
                    0x0332                  C1RXM0EIDH = 0x332
                    0x0332                  _C1RXM0EIDH = 0x332
                    0x0332                  _C1RXM0EIDHbits = 0x332
                    0x0334                  C1RXM0EIDL = 0x334
                    0x0334                  _C1RXM0EIDL = 0x334
                    0x0334                  _C1RXM0EIDLbits = 0x334
                    0x0338                  C1RXM1SID = 0x338
                    0x0338                  _C1RXM1SID = 0x338
                    0x0338                  _C1RXM1SIDbits = 0x338
                    0x033a                  C1RXM1EIDH = 0x33a
                    0x033a                  _C1RXM1EIDH = 0x33a
                    0x033a                  _C1RXM1EIDHbits = 0x33a
                    0x033c                  C1RXM1EIDL = 0x33c
                    0x033c                  _C1RXM1EIDL = 0x33c
                    0x033c                  _C1RXM1EIDLbits = 0x33c
                    0x0340                  C1TX2SID = 0x340
                    0x0340                  _C1TX2SID = 0x340
                    0x0340                  _C1TX2SIDbits = 0x340
                    0x0342                  C1TX2EID = 0x342
                    0x0342                  _C1TX2EID = 0x342
                    0x0342                  _C1TX2EIDbits = 0x342
                    0x0344                  C1TX2DLC = 0x344
                    0x0344                  _C1TX2DLC = 0x344
                    0x0344                  _C1TX2DLCbits = 0x344
                    0x0346                  C1TX2B1 = 0x346
                    0x0346                  _C1TX2B1 = 0x346
                    0x0346                  _C1TX2B1bits = 0x346
                    0x0348                  C1TX2B2 = 0x348
                    0x0348                  _C1TX2B2 = 0x348
                    0x0348                  _C1TX2B2bits = 0x348
                    0x034a                  C1TX2B3 = 0x34a
                    0x034a                  _C1TX2B3 = 0x34a
                    0x034a                  _C1TX2B3bits = 0x34a
                    0x034c                  C1TX2B4 = 0x34c
                    0x034c                  _C1TX2B4 = 0x34c
                    0x034c                  _C1TX2B4bits = 0x34c
                    0x034e                  C1TX2CON = 0x34e
                    0x034e                  _C1TX2CON = 0x34e
                    0x034e                  _C1TX2CONbits = 0x34e
                    0x0350                  C1TX1SID = 0x350
                    0x0350                  _C1TX1SID = 0x350
                    0x0350                  _C1TX1SIDbits = 0x350
                    0x0352                  C1TX1EID = 0x352
                    0x0352                  _C1TX1EID = 0x352
                    0x0352                  _C1TX1EIDbits = 0x352
                    0x0354                  C1TX1DLC = 0x354
                    0x0354                  _C1TX1DLC = 0x354
                    0x0354                  _C1TX1DLCbits = 0x354
                    0x0356                  C1TX1B1 = 0x356
                    0x0356                  _C1TX1B1 = 0x356
                    0x0356                  _C1TX1B1bits = 0x356
                    0x0358                  C1TX1B2 = 0x358
                    0x0358                  _C1TX1B2 = 0x358
                    0x0358                  _C1TX1B2bits = 0x358
                    0x035a                  C1TX1B3 = 0x35a
                    0x035a                  _C1TX1B3 = 0x35a
                    0x035a                  _C1TX1B3bits = 0x35a
                    0x035c                  C1TX1B4 = 0x35c
                    0x035c                  _C1TX1B4 = 0x35c
                    0x035c                  _C1TX1B4bits = 0x35c
                    0x035e                  C1TX1CON = 0x35e
                    0x035e                  _C1TX1CON = 0x35e
                    0x035e                  _C1TX1CONbits = 0x35e
                    0x0360                  C1TX0SID = 0x360
                    0x0360                  _C1TX0SID = 0x360
                    0x0360                  _C1TX0SIDbits = 0x360
                    0x0362                  C1TX0EID = 0x362
                    0x0362                  _C1TX0EID = 0x362
                    0x0362                  _C1TX0EIDbits = 0x362
                    0x0364                  C1TX0DLC = 0x364
                    0x0364                  _C1TX0DLC = 0x364
                    0x0364                  _C1TX0DLCbits = 0x364
                    0x0366                  C1TX0B1 = 0x366
                    0x0366                  _C1TX0B1 = 0x366
                    0x0366                  _C1TX0B1bits = 0x366
                    0x0368                  C1TX0B2 = 0x368
                    0x0368                  _C1TX0B2 = 0x368
                    0x0368                  _C1TX0B2bits = 0x368
                    0x036a                  C1TX0B3 = 0x36a
                    0x036a                  _C1TX0B3 = 0x36a
                    0x036a                  _C1TX0B3bits = 0x36a
                    0x036c                  C1TX0B4 = 0x36c
                    0x036c                  _C1TX0B4 = 0x36c
                    0x036c                  _C1TX0B4bits = 0x36c
                    0x036e                  C1TX0CON = 0x36e
                    0x036e                  _C1TX0CON = 0x36e
                    0x036e                  _C1TX0CONbits = 0x36e
                    0x0370                  C1RX1SID = 0x370
                    0x0370                  _C1RX1SID = 0x370
                    0x0370                  _C1RX1SIDbits = 0x370
                    0x0372                  C1RX1EID = 0x372
                    0x0372                  _C1RX1EID = 0x372
                    0x0372                  _C1RX1EIDbits = 0x372
                    0x0374                  C1RX1DLC = 0x374
                    0x0374                  _C1RX1DLC = 0x374
                    0x0374                  _C1RX1DLCbits = 0x374
                    0x0376                  C1RX1B1 = 0x376
                    0x0376                  _C1RX1B1 = 0x376
                    0x0376                  _C1RX1B1bits = 0x376
                    0x0378                  C1RX1B2 = 0x378
                    0x0378                  _C1RX1B2 = 0x378
                    0x0378                  _C1RX1B2bits = 0x378
                    0x037a                  C1RX1B3 = 0x37a
                    0x037a                  _C1RX1B3 = 0x37a
                    0x037a                  _C1RX1B3bits = 0x37a
                    0x037c                  C1RX1B4 = 0x37c
                    0x037c                  _C1RX1B4 = 0x37c
                    0x037c                  _C1RX1B4bits = 0x37c
                    0x037e                  C1RX1CON = 0x37e
                    0x037e                  _C1RX1CON = 0x37e
                    0x037e                  _C1RX1CONbits = 0x37e
                    0x0380                  C1RX0SID = 0x380
                    0x0380                  _C1RX0SID = 0x380
                    0x0380                  _C1RX0SIDbits = 0x380
                    0x0382                  C1RX0EID = 0x382
                    0x0382                  _C1RX0EID = 0x382
                    0x0382                  _C1RX0EIDbits = 0x382
                    0x0384                  C1RX0DLC = 0x384
                    0x0384                  _C1RX0DLC = 0x384
                    0x0384                  _C1RX0DLCbits = 0x384
                    0x0386                  C1RX0B1 = 0x386
                    0x0386                  _C1RX0B1 = 0x386
                    0x0386                  _C1RX0B1bits = 0x386
                    0x0388                  C1RX0B2 = 0x388
                    0x0388                  _C1RX0B2 = 0x388
                    0x0388                  _C1RX0B2bits = 0x388
                    0x038a                  C1RX0B3 = 0x38a
                    0x038a                  _C1RX0B3 = 0x38a
                    0x038a                  _C1RX0B3bits = 0x38a
                    0x038c                  C1RX0B4 = 0x38c
                    0x038c                  _C1RX0B4 = 0x38c
                    0x038c                  _C1RX0B4bits = 0x38c
                    0x038e                  C1RX0CON = 0x38e
                    0x038e                  _C1RX0CON = 0x38e
                    0x038e                  _C1RX0CONbits = 0x38e
                    0x0390                  C1CTRL = 0x390
                    0x0390                  _C1CTRL = 0x390
                    0x0390                  _C1CTRLbits = 0x390
                    0x0392                  C1CFG1 = 0x392
                    0x0392                  _C1CFG1 = 0x392
                    0x0392                  _C1CFG1bits = 0x392
                    0x0394                  C1CFG2 = 0x394
                    0x0394                  _C1CFG2 = 0x394
                    0x0394                  _C1CFG2bits = 0x394
                    0x0396                  C1INTF = 0x396
                    0x0396                  _C1INTF = 0x396
                    0x0396                  _C1INTFbits = 0x396
                    0x0398                  C1INTE = 0x398
                    0x0398                  _C1INTE = 0x398
                    0x0398                  _C1INTEbits = 0x398
                    0x039a                  C1EC = 0x39a
                    0x039a                  _C1EC = 0x39a
                    0x039a                  _C1ECbits = 0x39a
                    0x039a                  C1RERRCNT = 0x39a
                    0x039a                  _C1RERRCNT = 0x39a
                    0x039b                  C1TERRCNT = 0x39b
                    0x039b                  _C1TERRCNT = 0x39b
                    0x03c0                  C2RXF0SID = 0x3c0
                    0x03c0                  _C2RXF0SID = 0x3c0
                    0x03c0                  _C2RXF0SIDbits = 0x3c0
                    0x03c2                  C2RXF0EIDH = 0x3c2
                    0x03c2                  _C2RXF0EIDH = 0x3c2
                    0x03c2                  _C2RXF0EIDHbits = 0x3c2
                    0x03c4                  C2RXF0EIDL = 0x3c4
                    0x03c4                  _C2RXF0EIDL = 0x3c4
                    0x03c4                  _C2RXF0EIDLbits = 0x3c4
                    0x03c8                  C2RXF1SID = 0x3c8
                    0x03c8                  _C2RXF1SID = 0x3c8
                    0x03c8                  _C2RXF1SIDbits = 0x3c8
                    0x03ca                  C2RXF1EIDH = 0x3ca
                    0x03ca                  _C2RXF1EIDH = 0x3ca
                    0x03ca                  _C2RXF1EIDHbits = 0x3ca
                    0x03cc                  C2RXF1EIDL = 0x3cc
                    0x03cc                  _C2RXF1EIDL = 0x3cc
                    0x03cc                  _C2RXF1EIDLbits = 0x3cc
                    0x03d0                  C2RXF2SID = 0x3d0
                    0x03d0                  _C2RXF2SID = 0x3d0
                    0x03d0                  _C2RXF2SIDbits = 0x3d0
                    0x03d2                  C2RXF2EIDH = 0x3d2
                    0x03d2                  _C2RXF2EIDH = 0x3d2
                    0x03d2                  _C2RXF2EIDHbits = 0x3d2
                    0x03d4                  C2RXF2EIDL = 0x3d4
                    0x03d4                  _C2RXF2EIDL = 0x3d4
                    0x03d4                  _C2RXF2EIDLbits = 0x3d4
                    0x03d8                  C2RXF3SID = 0x3d8
                    0x03d8                  _C2RXF3SID = 0x3d8
                    0x03d8                  _C2RXF3SIDbits = 0x3d8
                    0x03da                  C2RXF3EIDH = 0x3da
                    0x03da                  _C2RXF3EIDH = 0x3da
                    0x03da                  _C2RXF3EIDHbits = 0x3da
                    0x03dc                  C2RXF3EIDL = 0x3dc
                    0x03dc                  _C2RXF3EIDL = 0x3dc
                    0x03dc                  _C2RXF3EIDLbits = 0x3dc
                    0x03e0                  C2RXF4SID = 0x3e0
                    0x03e0                  _C2RXF4SID = 0x3e0
                    0x03e0                  _C2RXF4SIDbits = 0x3e0
                    0x03e2                  C2RXF4EIDH = 0x3e2
                    0x03e2                  _C2RXF4EIDH = 0x3e2
                    0x03e2                  _C2RXF4EIDHbits = 0x3e2
                    0x03e4                  C2RXF4EIDL = 0x3e4
                    0x03e4                  _C2RXF4EIDL = 0x3e4
                    0x03e4                  _C2RXF4EIDLbits = 0x3e4
                    0x03e8                  C2RXF5SID = 0x3e8
                    0x03e8                  _C2RXF5SID = 0x3e8
                    0x03e8                  _C2RXF5SIDbits = 0x3e8
                    0x03ea                  C2RXF5EIDH = 0x3ea
                    0x03ea                  _C2RXF5EIDH = 0x3ea
                    0x03ea                  _C2RXF5EIDHbits = 0x3ea
                    0x03ec                  C2RXF5EIDL = 0x3ec
                    0x03ec                  _C2RXF5EIDL = 0x3ec
                    0x03ec                  _C2RXF5EIDLbits = 0x3ec
                    0x03f0                  C2RXM0SID = 0x3f0
                    0x03f0                  _C2RXM0SID = 0x3f0
                    0x03f0                  _C2RXM0SIDbits = 0x3f0
                    0x03f2                  C2RXM0EIDH = 0x3f2
                    0x03f2                  _C2RXM0EIDH = 0x3f2
                    0x03f2                  _C2RXM0EIDHbits = 0x3f2
                    0x03f4                  C2RXM0EIDL = 0x3f4
                    0x03f4                  _C2RXM0EIDL = 0x3f4
                    0x03f4                  _C2RXM0EIDLbits = 0x3f4
                    0x03f8                  C2RXM1SID = 0x3f8
                    0x03f8                  _C2RXM1SID = 0x3f8
                    0x03f8                  _C2RXM1SIDbits = 0x3f8
                    0x03fa                  C2RXM1EIDH = 0x3fa
                    0x03fa                  _C2RXM1EIDH = 0x3fa
                    0x03fa                  _C2RXM1EIDHbits = 0x3fa
                    0x03fc                  C2RXM1EIDL = 0x3fc
                    0x03fc                  _C2RXM1EIDL = 0x3fc
                    0x03fc                  _C2RXM1EIDLbits = 0x3fc
                    0x0400                  C2TX2SID = 0x400
                    0x0400                  _C2TX2SID = 0x400
                    0x0400                  _C2TX2SIDbits = 0x400
                    0x0402                  C2TX2EID = 0x402
                    0x0402                  _C2TX2EID = 0x402
                    0x0402                  _C2TX2EIDbits = 0x402
                    0x0404                  C2TX2DLC = 0x404
                    0x0404                  _C2TX2DLC = 0x404
                    0x0404                  _C2TX2DLCbits = 0x404
                    0x0406                  C2TX2B1 = 0x406
                    0x0406                  _C2TX2B1 = 0x406
                    0x0406                  _C2TX2B1bits = 0x406
                    0x0408                  C2TX2B2 = 0x408
                    0x0408                  _C2TX2B2 = 0x408
                    0x0408                  _C2TX2B2bits = 0x408
                    0x040a                  C2TX2B3 = 0x40a
                    0x040a                  _C2TX2B3 = 0x40a
                    0x040a                  _C2TX2B3bits = 0x40a
                    0x040c                  C2TX2B4 = 0x40c
                    0x040c                  _C2TX2B4 = 0x40c
                    0x040c                  _C2TX2B4bits = 0x40c
                    0x040e                  C2TX2CON = 0x40e
                    0x040e                  _C2TX2CON = 0x40e
                    0x040e                  _C2TX2CONbits = 0x40e
                    0x0410                  C2TX1SID = 0x410
                    0x0410                  _C2TX1SID = 0x410
                    0x0410                  _C2TX1SIDbits = 0x410
                    0x0412                  C2TX1EID = 0x412
                    0x0412                  _C2TX1EID = 0x412
                    0x0412                  _C2TX1EIDbits = 0x412
                    0x0414                  C2TX1DLC = 0x414
                    0x0414                  _C2TX1DLC = 0x414
                    0x0414                  _C2TX1DLCbits = 0x414
                    0x0416                  C2TX1B1 = 0x416
                    0x0416                  _C2TX1B1 = 0x416
                    0x0416                  _C2TX1B1bits = 0x416
                    0x0418                  C2TX1B2 = 0x418
                    0x0418                  _C2TX1B2 = 0x418
                    0x0418                  _C2TX1B2bits = 0x418
                    0x041a                  C2TX1B3 = 0x41a
                    0x041a                  _C2TX1B3 = 0x41a
                    0x041a                  _C2TX1B3bits = 0x41a
                    0x041c                  C2TX1B4 = 0x41c
                    0x041c                  _C2TX1B4 = 0x41c
                    0x041c                  _C2TX1B4bits = 0x41c
                    0x041e                  C2TX1CON = 0x41e
                    0x041e                  _C2TX1CON = 0x41e
                    0x041e                  _C2TX1CONbits = 0x41e
                    0x0420                  C2TX0SID = 0x420
                    0x0420                  _C2TX0SID = 0x420
                    0x0420                  _C2TX0SIDbits = 0x420
                    0x0422                  C2TX0EID = 0x422
                    0x0422                  _C2TX0EID = 0x422
                    0x0422                  _C2TX0EIDbits = 0x422
                    0x0424                  C2TX0DLC = 0x424
                    0x0424                  _C2TX0DLC = 0x424
                    0x0424                  _C2TX0DLCbits = 0x424
                    0x0426                  C2TX0B1 = 0x426
                    0x0426                  _C2TX0B1 = 0x426
                    0x0426                  _C2TX0B1bits = 0x426
                    0x0428                  C2TX0B2 = 0x428
                    0x0428                  _C2TX0B2 = 0x428
                    0x0428                  _C2TX0B2bits = 0x428
                    0x042a                  C2TX0B3 = 0x42a
                    0x042a                  _C2TX0B3 = 0x42a
                    0x042a                  _C2TX0B3bits = 0x42a
                    0x042c                  C2TX0B4 = 0x42c
                    0x042c                  _C2TX0B4 = 0x42c
                    0x042c                  _C2TX0B4bits = 0x42c
                    0x042e                  C2TX0CON = 0x42e
                    0x042e                  _C2TX0CON = 0x42e
                    0x042e                  _C2TX0CONbits = 0x42e
                    0x0430                  C2RX1SID = 0x430
                    0x0430                  _C2RX1SID = 0x430
                    0x0430                  _C2RX1SIDbits = 0x430
                    0x0432                  C2RX1EID = 0x432
                    0x0432                  _C2RX1EID = 0x432
                    0x0432                  _C2RX1EIDbits = 0x432
                    0x0434                  C2RX1DLC = 0x434
                    0x0434                  _C2RX1DLC = 0x434
                    0x0434                  _C2RX1DLCbits = 0x434
                    0x0436                  C2RX1B1 = 0x436
                    0x0436                  _C2RX1B1 = 0x436
                    0x0436                  _C2RX1B1bits = 0x436
                    0x0438                  C2RX1B2 = 0x438
                    0x0438                  _C2RX1B2 = 0x438
                    0x0438                  _C2RX1B2bits = 0x438
                    0x043a                  C2RX1B3 = 0x43a
                    0x043a                  _C2RX1B3 = 0x43a
                    0x043a                  _C2RX1B3bits = 0x43a
                    0x043c                  C2RX1B4 = 0x43c
                    0x043c                  _C2RX1B4 = 0x43c
                    0x043c                  _C2RX1B4bits = 0x43c
                    0x043e                  C2RX1CON = 0x43e
                    0x043e                  _C2RX1CON = 0x43e
                    0x043e                  _C2RX1CONbits = 0x43e
                    0x0440                  C2RX0SID = 0x440
                    0x0440                  _C2RX0SID = 0x440
                    0x0440                  _C2RX0SIDbits = 0x440
                    0x0442                  C2RX0EID = 0x442
                    0x0442                  _C2RX0EID = 0x442
                    0x0442                  _C2RX0EIDbits = 0x442
                    0x0444                  C2RX0DLC = 0x444
                    0x0444                  _C2RX0DLC = 0x444
                    0x0444                  _C2RX0DLCbits = 0x444
                    0x0446                  C2RX0B1 = 0x446
                    0x0446                  _C2RX0B1 = 0x446
                    0x0446                  _C2RX0B1bits = 0x446
                    0x0448                  C2RX0B2 = 0x448
                    0x0448                  _C2RX0B2 = 0x448
                    0x0448                  _C2RX0B2bits = 0x448
                    0x044a                  C2RX0B3 = 0x44a
                    0x044a                  _C2RX0B3 = 0x44a
                    0x044a                  _C2RX0B3bits = 0x44a
                    0x044c                  C2RX0B4 = 0x44c
                    0x044c                  _C2RX0B4 = 0x44c
                    0x044c                  _C2RX0B4bits = 0x44c
                    0x044e                  C2RX0CON = 0x44e
                    0x044e                  _C2RX0CON = 0x44e
                    0x044e                  _C2RX0CONbits = 0x44e
                    0x0450                  C2CTRL = 0x450
                    0x0450                  _C2CTRL = 0x450
                    0x0450                  _C2CTRLbits = 0x450
                    0x0452                  C2CFG1 = 0x452
                    0x0452                  _C2CFG1 = 0x452
                    0x0452                  _C2CFG1bits = 0x452
                    0x0454                  C2CFG2 = 0x454
                    0x0454                  _C2CFG2 = 0x454
                    0x0454                  _C2CFG2bits = 0x454
                    0x0456                  C2INTF = 0x456
                    0x0456                  _C2INTF = 0x456
                    0x0456                  _C2INTFbits = 0x456
                    0x0458                  C2INTE = 0x458
                    0x0458                  _C2INTE = 0x458
                    0x0458                  _C2INTEbits = 0x458
                    0x045a                  C2EC = 0x45a
                    0x045a                  _C2EC = 0x45a
                    0x045a                  _C2ECbits = 0x45a
                    0x045a                  C2RERRCNT = 0x45a
                    0x045a                  _C2RERRCNT = 0x45a
                    0x045b                  C2TERRCNT = 0x45b
                    0x045b                  _C2TERRCNT = 0x45b
                    0x0740                  RCON = 0x740
                    0x0740                  _RCON = 0x740
                    0x0740                  _RCONbits = 0x740
                    0x0742                  OSCCON = 0x742
                    0x0742                  _OSCCON = 0x742
                    0x0742                  _OSCCONbits = 0x742
                    0x0742                  OSCCONL = 0x742
                    0x0742                  _OSCCONL = 0x742
                    0x0743                  OSCCONH = 0x743
                    0x0743                  _OSCCONH = 0x743
                    0x0744                  OSCTUN = 0x744
                    0x0744                  _OSCTUN = 0x744
                    0x0744                  _OSCTUNbits = 0x744
                    0x0750                  BSRAM = 0x750
                    0x0750                  _BSRAM = 0x750
                    0x0750                  _BSRAMbits = 0x750
                    0x0752                  SSRAM = 0x752
                    0x0752                  _SSRAM = 0x752
                    0x0752                  _SSRAMbits = 0x752
                    0x0760                  NVMCON = 0x760
                    0x0760                  _NVMCON = 0x760
                    0x0760                  _NVMCONbits = 0x760
                    0x0762                  NVMADR = 0x762
                    0x0762                  _NVMADR = 0x762
                    0x0764                  NVMADRU = 0x764
                    0x0764                  _NVMADRU = 0x764
                    0x0764                  _NVMADRUbits = 0x764
                    0x0766                  NVMKEY = 0x766
                    0x0766                  _NVMKEY = 0x766
                    0x0770                  PMD1 = 0x770
                    0x0770                  _PMD1 = 0x770
                    0x0770                  _PMD1bits = 0x770
                    0x0772                  PMD2 = 0x772
                    0x0772                  _PMD2 = 0x772
                    0x0772                  _PMD2bits = 0x772
                    0x0022                  ACCA = 0x22
                    0x0022                  _ACCA = 0x22
                    0x0028                  ACCB = 0x28
                    0x0028                  _ACCB = 0x28
                    0x0300                  CAN1 = 0x300
                    0x0300                  _CAN1 = 0x300
                    0x03c0                  CAN2 = 0x3c0
                    0x03c0                  _CAN2 = 0x3c0
                    0x0140                  IC1 = 0x140
                    0x0140                  _IC1 = 0x140
                    0x0144                  IC2 = 0x144
                    0x0144                  _IC2 = 0x144
                    0x0148                  IC3 = 0x148
                    0x0148                  _IC3 = 0x148
                    0x014c                  IC4 = 0x14c
                    0x014c                  _IC4 = 0x14c
                    0x0150                  IC5 = 0x150
                    0x0150                  _IC5 = 0x150
                    0x0154                  IC6 = 0x154
                    0x0154                  _IC6 = 0x154
                    0x0158                  IC7 = 0x158
                    0x0158                  _IC7 = 0x158
                    0x015c                  IC8 = 0x15c
                    0x015c                  _IC8 = 0x15c
                    0x0180                  OC1 = 0x180
                    0x0180                  _OC1 = 0x180
                    0x0186                  OC2 = 0x186
                    0x0186                  _OC2 = 0x186
                    0x018c                  OC3 = 0x18c
                    0x018c                  _OC3 = 0x18c
                    0x0192                  OC4 = 0x192
                    0x0192                  _OC4 = 0x192
                    0x0198                  OC5 = 0x198
                    0x0198                  _OC5 = 0x198
                    0x019e                  OC6 = 0x19e
                    0x019e                  _OC6 = 0x19e
                    0x01a4                  OC7 = 0x1a4
                    0x01a4                  _OC7 = 0x1a4
                    0x01aa                  OC8 = 0x1aa
                    0x01aa                  _OC8 = 0x1aa
                    0x0220                  SPI1 = 0x220
                    0x0220                  _SPI1 = 0x220
                    0x0226                  SPI2 = 0x226
                    0x0226                  _SPI2 = 0x226
                    0x020c                  UART1 = 0x20c
                    0x020c                  _UART1 = 0x20c
                    0x0216                  UART2 = 0x216
                    0x0216                  _UART2 = 0x216
START GROUP
LOAD c:/program files (x86)/microchip/xc16/v1.30/bin/bin/../../lib\liblega-pic30-elf.a
LOAD c:/program files (x86)/microchip/xc16/v1.30/bin/bin/../../lib\libm-elf.a
LOAD c:/program files (x86)/microchip/xc16/v1.30/bin/bin/../../lib\liblega-c-elf.a
END GROUP
OUTPUT(dist/default/debug/YongciContronerCAN_V2.0.X.debug.elf elf32-pic30)
LOAD FGS
LOAD FSS
LOAD FBS
LOAD jump_table
LOAD default_isr
LOAD data_init

.debug_pubtypes
                  0x0001f8       0x1c35
 .debug_pubtypes
                  0x0001f8        0x13b build/default/debug/Source/DeviceNet/DeviceNet.o
 .debug_pubtypes
                  0x000333        0x169 build/default/debug/Source/Driver/AdcSample.o
 .debug_pubtypes
                  0x00049c        0x47c build/default/debug/Source/Driver/CAN.o
 .debug_pubtypes
                  0x000918        0x213 build/default/debug/Source/Driver/DeviceIO.o
 .debug_pubtypes
                  0x000b2b        0x174 build/default/debug/Source/Driver/Timer.o
 .debug_pubtypes
                  0x000c9f        0x10e build/default/debug/Source/Driver/Usart.o
 .debug_pubtypes
                  0x000dad         0x35 build/default/debug/Source/Driver/traps.o
 .debug_pubtypes
                  0x000de2         0x9d build/default/debug/Source/Driver/EEPROMOperate.o
 .debug_pubtypes
                  0x000e7f         0x94 build/default/debug/Source/Driver/InitTemp.o
 .debug_pubtypes
                  0x000f13         0x94 build/default/debug/Source/Driver/Delay.o
 .debug_pubtypes
                  0x000fa7         0x93 build/default/debug/Source/Driver/ImitationIIC.o
 .debug_pubtypes
                  0x00103a         0x6d build/default/debug/Source/Driver/SD2405.o
 .debug_pubtypes
                  0x0010a7         0x4a build/default/debug/Source/Driver/Buffer.o
 .debug_pubtypes
                  0x0010f1        0x2b0 build/default/debug/Source/SerialPort/Action.o
 .debug_pubtypes
                  0x0013a1         0x2b build/default/debug/Source/SerialPort/CRC16.o
 .debug_pubtypes
                  0x0013cc        0x243 build/default/debug/Source/SerialPort/RefParameter.o
 .debug_pubtypes
                  0x00160f         0xcb build/default/debug/Source/SerialPort/RtuFrame.o
 .debug_pubtypes
                  0x0016da        0x183 build/default/debug/Source/Yongci/DeviceParameter.o
 .debug_pubtypes
                  0x00185d        0x1ae build/default/debug/Source/Yongci/SwtichCondition.o
 .debug_pubtypes
                  0x001a0b        0x3cd build/default/debug/Source/Yongci/yongci.o
 .debug_pubtypes
                  0x001dd8         0x55 build/default/debug/Source/main.o

__c30_signature
                  0x001e2d         0xea
 __c30_signature
                  0x001e2d          0x6 build/default/debug/Source/DeviceNet/DeviceNet.o
 __c30_signature
                  0x001e33          0x6 build/default/debug/Source/Driver/AdcSample.o
 __c30_signature
                  0x001e39          0x6 build/default/debug/Source/Driver/CAN.o
 __c30_signature
                  0x001e3f          0x6 build/default/debug/Source/Driver/DeviceIO.o
 __c30_signature
                  0x001e45          0x6 build/default/debug/Source/Driver/Timer.o
 __c30_signature
                  0x001e4b          0x6 build/default/debug/Source/Driver/Usart.o
 __c30_signature
                  0x001e51          0x6 build/default/debug/Source/Driver/traps.o
 __c30_signature
                  0x001e57          0x6 build/default/debug/Source/Driver/EEPROMOperate.o
 __c30_signature
                  0x001e5d          0x6 build/default/debug/Source/Driver/InitTemp.o
 __c30_signature
                  0x001e63          0x6 build/default/debug/Source/Driver/Delay.o
 __c30_signature
                  0x001e69          0x6 build/default/debug/Source/Driver/ImitationIIC.o
 __c30_signature
                  0x001e6f          0x6 build/default/debug/Source/Driver/SD2405.o
 __c30_signature
                  0x001e75          0x6 build/default/debug/Source/Driver/Buffer.o
 __c30_signature
                  0x001e7b          0x6 build/default/debug/Source/SerialPort/Action.o
 __c30_signature
                  0x001e81          0x6 build/default/debug/Source/SerialPort/CRC16.o
 __c30_signature
                  0x001e87          0x6 build/default/debug/Source/SerialPort/RefParameter.o
 __c30_signature
                  0x001e8d          0x6 build/default/debug/Source/SerialPort/RtuFrame.o
 __c30_signature
                  0x001e93          0x6 build/default/debug/Source/Yongci/DeviceParameter.o
 __c30_signature
                  0x001e99          0x6 build/default/debug/Source/Yongci/SwtichCondition.o
 __c30_signature
                  0x001e9f          0x6 build/default/debug/Source/Yongci/yongci.o
 __c30_signature
                  0x001ea5          0x6 build/default/debug/Source/main.o
 __c30_signature
                  0x001eab          0x6 c:/program files (x86)/microchip/xc16/v1.30/bin/bin/../../lib\liblega-pic30-elf.a(crt0_standard.o)
 __c30_signature
                  0x001eb1          0x6 c:/program files (x86)/microchip/xc16/v1.30/bin/bin/../../lib\liblega-pic30-elf.a(data_init_standard.o)
 __c30_signature
                  0x001eb7          0x6 c:/program files (x86)/microchip/xc16/v1.30/bin/bin/../../lib\liblega-pic30-elf.a(eedata_helper.Leo)
 __c30_signature
                  0x001ebd          0x6 c:/program files (x86)/microchip/xc16/v1.30/bin/bin/../../lib\liblega-pic30-elf.a(memcpy_helper.Leo)
 __c30_signature
                  0x001ec3          0x6 c:/program files (x86)/microchip/xc16/v1.30/bin/bin/../../lib\liblega-pic30-elf.a(delay32.Leo)
 __c30_signature
                  0x001ec9          0x6 c:/program files (x86)/microchip/xc16/v1.30/bin/bin/../../lib\libm-elf.a(addsf3.eo)
 __c30_signature
                  0x001ecf          0x6 c:/program files (x86)/microchip/xc16/v1.30/bin/bin/../../lib\libm-elf.a(feqltle.eo)
 __c30_signature
                  0x001ed5          0x6 c:/program files (x86)/microchip/xc16/v1.30/bin/bin/../../lib\libm-elf.a(fgtge.eo)
 __c30_signature
                  0x001edb          0x6 c:/program files (x86)/microchip/xc16/v1.30/bin/bin/../../lib\libm-elf.a(fixunssfsi.eo)
 __c30_signature
                  0x001ee1          0x6 c:/program files (x86)/microchip/xc16/v1.30/bin/bin/../../lib\libm-elf.a(floatunsisf.eo)
 __c30_signature
                  0x001ee7          0x6 c:/program files (x86)/microchip/xc16/v1.30/bin/bin/../../lib\libm-elf.a(fpack.eo)
 __c30_signature
                  0x001eed          0x6 c:/program files (x86)/microchip/xc16/v1.30/bin/bin/../../lib\libm-elf.a(funpack.eo)
 __c30_signature
                  0x001ef3          0x6 c:/program files (x86)/microchip/xc16/v1.30/bin/bin/../../lib\libm-elf.a(funpack2.eo)
 __c30_signature
                  0x001ef9          0x6 c:/program files (x86)/microchip/xc16/v1.30/bin/bin/../../lib\libm-elf.a(futil.eo)
 __c30_signature
                  0x001eff          0x6 c:/program files (x86)/microchip/xc16/v1.30/bin/bin/../../lib\libm-elf.a(mulsf3.eo)
 __c30_signature
                  0x001f05          0x6 c:/program files (x86)/microchip/xc16/v1.30/bin/bin/../../lib\libm-elf.a(fcompare.eo)
 __c30_signature
                  0x001f0b          0x6 c:/program files (x86)/microchip/xc16/v1.30/bin/bin/../../lib\libm-elf.a(floatundisf.eo)
 __c30_signature
                  0x001f11          0x6 c:/program files (x86)/microchip/xc16/v1.30/bin/bin/../../lib\liblega-c-elf.a(memcpy.XX_eo)

.nbss               0x0800         0x26
 .nbss              0x0800         0x14 build/default/debug/Source/Yongci/yongci.o
                    0x0800                  _g_lastRunOrder
                    0x0802                  _sendFrame
                    0x080a                  _recvFrame
 .nbss              0x0814         0x12 build/default/debug/Source/Driver/CAN.o
                    0x0814                  _rlen
                    0x0816                  _CAN_TxRdy
                    0x0818                  _CAN_RxRdy
                    0x081a                  _Rframe
                    0x0822                  _rEID

.ndata              0x0826         0x10
 .ndata             0x0826         0x10 build/default/debug/Source/DeviceNet/DeviceNet.o
                    0x0826                  _providerID
                    0x0828                  _product_code
                    0x082a                  _major_ver
                    0x082b                  _minor_ver
                    0x082c                  _serialID
                    0x0830                  _product_name
                    0x0834                  _DeviceNetClass

.nbss               0x0836          0x8